inesaç fjaçsdf jçaskdjfçaskd fl[(key1,value1)]
        (key1,value1)


